../Core/Src/main.c:93:5:main	8	static
../Core/Src/main.c:164:6:SystemClock_Config	88	static
../Core/Src/main.c:212:13:MX_GPIO_Init	48	static
../Core/Src/main.c:287:6:HAL_GPIO_EXTI_Callback	16	static
../Core/Src/main.c:316:6:processButtons	8	static
../Core/Src/main.c:369:6:iniciarCuentaRegresiva	16	static
../Core/Src/main.c:380:6:displayDigit	32	static
../Core/Src/main.c:414:6:ActualizarLEDs	8	static
../Core/Src/main.c:445:6:declararGanador	16	static
../Core/Src/main.c:481:6:Error_Handler	4	static,ignoring_inline_asm
